30 mtime=1544305365.000000001
20 atime=1544305365
20 ctime=1544305365
