30 mtime=1544306205.000000001
20 atime=1544306205
20 ctime=1544306205
