30 mtime=1544304950.000000001
20 atime=1544304950
20 ctime=1544304950
