30 mtime=1544186385.000000001
20 atime=1544186385
20 ctime=1544186385
