30 mtime=1544032819.000000001
20 atime=1544032819
20 ctime=1544032819
