30 mtime=1544185797.000000001
20 atime=1544185797
20 ctime=1544185797
