30 mtime=1544052747.000000001
20 atime=1544052747
20 ctime=1544052747
