30 mtime=1544052159.000000001
20 atime=1544052159
20 ctime=1544052159
