30 mtime=1543858904.000000001
20 atime=1543858904
20 ctime=1543858904
