30 mtime=1544186568.000000001
20 atime=1544186568
20 ctime=1544186568
