30 mtime=1544052546.000000001
20 atime=1544052546
20 ctime=1544052546
