30 mtime=1544185609.000000001
20 atime=1544185609
20 ctime=1544185609
