30 mtime=1544185211.000000001
20 atime=1544185211
20 ctime=1544185211
