30 mtime=1544304975.000000001
20 atime=1544304975
20 ctime=1544304975
