30 mtime=1544185922.000000001
20 atime=1544185922
20 ctime=1544185922
