30 mtime=1544033963.000000001
20 atime=1544033963
20 ctime=1544033963
