30 mtime=1543859024.000000001
20 atime=1543859024
20 ctime=1543859024
