30 mtime=1544305012.000000001
20 atime=1544305012
20 ctime=1544305012
