30 mtime=1544304545.000000001
20 atime=1544304545
20 ctime=1544304545
