30 mtime=1543876598.000000001
20 atime=1543876598
20 ctime=1543876598
