30 mtime=1543858480.000000001
20 atime=1543858480
20 ctime=1543858480
