30 mtime=1544193604.000000001
20 atime=1544193604
20 ctime=1544193604
