30 mtime=1544304447.000000001
20 atime=1544304447
20 ctime=1544304447
