30 mtime=1544051972.000000001
20 atime=1544051972
20 ctime=1544051972
