30 mtime=1544304425.000000001
20 atime=1544304425
20 ctime=1544304425
