30 mtime=1544051788.000000001
20 atime=1544051788
20 ctime=1544051788
