30 mtime=1544178896.000000001
20 atime=1544178896
20 ctime=1544178896
