30 mtime=1544306173.000000001
20 atime=1544306173
20 ctime=1544306173
