30 mtime=1544304452.000000001
20 atime=1544304452
20 ctime=1544304452
