30 mtime=1544051048.000000001
20 atime=1544051048
20 ctime=1544051048
