30 mtime=1544051398.000000001
20 atime=1544051398
20 ctime=1544051398
