24 mtime=1542816495.772
24 atime=1542818518.524
24 ctime=1542816664.604
