30 mtime=1543868850.000000001
20 atime=1543868850
20 ctime=1543868850
