30 mtime=1543868854.000000001
20 atime=1543868854
20 ctime=1543868854
