30 mtime=1543681931.000000001
20 atime=1543681931
20 ctime=1543681931
