30 mtime=1543878071.000000001
20 atime=1543878071
20 ctime=1543878071
