30 mtime=1543877033.000000001
20 atime=1543877033
20 ctime=1543877033
